\BOOKMARK [0][-]{chapter.1}{\376\377\000B\000a\000c\000k\000g\000r\000o\000u\000n\000d\000\040\000a\000n\000d\000\040\000R\000e\000l\000a\000t\000e\000d\000\040\000W\000o\000r\000k}{}% 1
\BOOKMARK [1][-]{section.1.1}{\376\377\000S\000c\000o\000p\000e\000\040\000o\000f\000\040\000R\000e\000s\000e\000a\000r\000c\000h}{chapter.1}% 2
\BOOKMARK [1][-]{section.1.2}{\376\377\000R\000e\000l\000a\000t\000e\000d\000\040\000W\000o\000r\000k}{chapter.1}% 3
\BOOKMARK [2][-]{subsection.1.2.1}{\376\377\000C\000o\000m\000p\000a\000r\000i\000n\000g\000\040\000m\000a\000c\000h\000i\000n\000e\000\040\000l\000e\000a\000r\000n\000i\000n\000g\000\040\000a\000l\000g\000o\000r\000i\000t\000h\000m\000s\000\040\000o\000n\000\040\000C\000S\000I\000C\000\040\0002\0000\0001\0000\000\040\000\050\000P\000h\000a\000m\000\040\000e\000t\000\040\000a\000l\000.\000,\000\040\0002\0000\0001\0006\000\051}{section.1.2}% 4
\BOOKMARK [2][-]{subsection.1.2.2}{\376\377\000A\000n\000a\000l\000y\000s\000i\000n\000g\000\040\000H\000T\000T\000P\000\040\000r\000e\000q\000u\000e\000s\000t\000s\000\040\000w\000i\000t\000h\000\040\000s\000t\000r\000u\000c\000t\000u\000r\000a\000l\000\040\000f\000e\000a\000t\000u\000r\000e\000s\000\040\000\050\000A\000l\000t\000h\000u\000b\000i\000t\000i\000\040\000e\000t\000\040\000a\000l\000.\000,\000\040\0002\0000\0001\0007\000\051}{section.1.2}% 5
\BOOKMARK [2][-]{subsection.1.2.3}{\376\377\000C\000o\000m\000p\000a\000r\000i\000n\000g\000\040\000s\000e\000v\000e\000n\000\040\000a\000l\000g\000o\000r\000i\000t\000h\000m\000s\000\040\000a\000n\000d\000\040\000a\000\040\000v\000o\000t\000i\000n\000g\000\040\000c\000l\000a\000s\000s\000i\000f\000i\000e\000r\000\040\000\050\000R\000a\000w\000a\000s\000h\000d\000e\000h\000,\000\040\0002\0000\0002\0003\000\051}{section.1.2}% 6
\BOOKMARK [2][-]{subsection.1.2.4}{\376\377\000D\000e\000e\000p\000\040\000l\000e\000a\000r\000n\000i\000n\000g\000\040\000a\000n\000d\000\040\000o\000n\000e\000-\000c\000l\000a\000s\000s\000\040\000a\000p\000p\000r\000o\000a\000c\000h\000e\000s\000\040\000o\000n\000\040\000t\000h\000e\000\040\000s\000a\000m\000e\000\040\000d\000a\000t\000a\000s\000e\000t}{section.1.2}% 7
\BOOKMARK [2][-]{subsection.1.2.5}{\376\377\000S\000y\000n\000t\000h\000e\000s\000i\000s\000\040\000a\000n\000d\000\040\000r\000e\000s\000e\000a\000r\000c\000h\000\040\000m\000o\000t\000i\000v\000a\000t\000i\000o\000n}{section.1.2}% 8
\BOOKMARK [1][-]{section.1.3}{\376\377\000I\000n\000t\000r\000u\000s\000i\000o\000n\000\040\000D\000e\000t\000e\000c\000t\000i\000o\000n\000\040\000S\000y\000s\000t\000e\000m\000s}{chapter.1}% 9
\BOOKMARK [1][-]{section.1.4}{\376\377\000C\000o\000m\000m\000o\000n\000\040\000W\000e\000b\000\040\000A\000p\000p\000l\000i\000c\000a\000t\000i\000o\000n\000\040\000A\000t\000t\000a\000c\000k\000s}{chapter.1}% 10
\BOOKMARK [1][-]{section.1.5}{\376\377\000S\000i\000g\000n\000a\000t\000u\000r\000e\000-\000B\000a\000s\000e\000d\000\040\000D\000e\000t\000e\000c\000t\000i\000o\000n\000\040\000w\000i\000t\000h\000\040\000R\000e\000g\000u\000l\000a\000r\000\040\000E\000x\000p\000r\000e\000s\000s\000i\000o\000n\000s}{chapter.1}% 11
\BOOKMARK [1][-]{section.1.6}{\376\377\000S\000u\000p\000e\000r\000v\000i\000s\000e\000d\000\040\000M\000a\000c\000h\000i\000n\000e\000\040\000L\000e\000a\000r\000n\000i\000n\000g\000\040\000f\000o\000r\000\040\000A\000t\000t\000a\000c\000k\000\040\000C\000l\000a\000s\000s\000i\000f\000i\000c\000a\000t\000i\000o\000n}{chapter.1}% 12
\BOOKMARK [2][-]{subsection.1.6.1}{\376\377\000R\000a\000n\000d\000o\000m\000\040\000F\000o\000r\000e\000s\000t}{section.1.6}% 13
\BOOKMARK [2][-]{subsection.1.6.2}{\376\377\000L\000o\000g\000i\000s\000t\000i\000c\000\040\000R\000e\000g\000r\000e\000s\000s\000i\000o\000n}{section.1.6}% 14
\BOOKMARK [1][-]{section.1.7}{\376\377\000U\000n\000s\000u\000p\000e\000r\000v\000i\000s\000e\000d\000\040\000A\000n\000o\000m\000a\000l\000y\000\040\000D\000e\000t\000e\000c\000t\000i\000o\000n\000\040\000v\000i\000a\000\040\000O\000n\000e\000-\000C\000l\000a\000s\000s\000\040\000L\000e\000a\000r\000n\000i\000n\000g}{chapter.1}% 15
\BOOKMARK [2][-]{subsection.1.7.1}{\376\377\000L\000o\000c\000a\000l\000\040\000O\000u\000t\000l\000i\000e\000r\000\040\000F\000a\000c\000t\000o\000r\000\040\000\050\000L\000O\000F\000\051}{section.1.7}% 16
\BOOKMARK [2][-]{subsection.1.7.2}{\376\377\000I\000s\000o\000l\000a\000t\000i\000o\000n\000\040\000F\000o\000r\000e\000s\000t}{section.1.7}% 17
\BOOKMARK [2][-]{subsection.1.7.3}{\376\377\000O\000n\000e\000-\000C\000l\000a\000s\000s\000\040\000S\000V\000M}{section.1.7}% 18
\BOOKMARK [1][-]{section.1.8}{\376\377\000F\000e\000a\000t\000u\000r\000e\000\040\000E\000x\000t\000r\000a\000c\000t\000i\000o\000n\000\040\000a\000n\000d\000\040\000E\000v\000a\000l\000u\000a\000t\000i\000o\000n\000\040\000M\000e\000t\000r\000i\000c\000s}{chapter.1}% 19
\BOOKMARK [2][-]{subsection.1.8.1}{\376\377\000F\000e\000a\000t\000u\000r\000e\000\040\000e\000x\000t\000r\000a\000c\000t\000i\000o\000n\000\040\000f\000r\000o\000m\000\040\000H\000T\000T\000P\000\040\000r\000e\000q\000u\000e\000s\000t\000s}{section.1.8}% 20
\BOOKMARK [2][-]{subsection.1.8.2}{\376\377\000E\000v\000a\000l\000u\000a\000t\000i\000o\000n\000\040\000m\000e\000t\000r\000i\000c\000s}{section.1.8}% 21
\BOOKMARK [1][-]{section.1.9}{\376\377\000C\000h\000a\000p\000t\000e\000r\000\040\000S\000u\000m\000m\000a\000r\000y}{chapter.1}% 22
